Archive member included to satisfy reference by file (symbol)

c:/program files/microchip/xc8/v2.36/avr/bin/../lib/gcc/avr/5.4.0/avr5/memx-const\libgcc.a(_udivmodsi4.o)
                              HAL/LCD/lcd_prg.o (__udivmodsi4)
c:/program files/microchip/xc8/v2.36/avr/bin/../lib/gcc/avr/5.4.0/avr5/memx-const\libgcc.a(_tablejump2.o)
                              APP/main.o (__tablejump2__)
c:/program files/microchip/xc8/v2.36/avr/bin/../lib/gcc/avr/5.4.0/avr5/memx-const\libgcc.a(_copy_data.o)
                              APP/main.o (__do_copy_data)
c:/program files/microchip/xc8/v2.36/avr/bin/../lib/gcc/avr/5.4.0/avr5/memx-const\libgcc.a(_umulhisi3.o)
                              HAL/LCD/lcd_prg.o (__umulhisi3)
c:/program files/microchip/xc8/v2.36/avr/bin/../lib/gcc/avr/5.4.0/../../../../avr/lib/avr5/memx-const\libc.a(exit.o)
                              C:/Program Files (x86)/Atmel/Studio/7.0/Packs/atmel/ATmega_DFP/1.7.374/xc8/avr/lib/avr5/memx-const/crtatmega32.o (exit)
c:/program files/microchip/xc8/v2.36/avr/bin/../lib/gcc/avr/5.4.0/../../../../avr/lib/avr5/memx-const\libc.a(atoi.o)
                              MCAL/USART/USART_program.o (atoi)
c:/program files/microchip/xc8/v2.36/avr/bin/../lib/gcc/avr/5.4.0/../../../../avr/lib/avr5/memx-const\libc.a(_Exit.o)
                              c:/program files/microchip/xc8/v2.36/avr/bin/../lib/gcc/avr/5.4.0/../../../../avr/lib/avr5/memx-const\libc.a(exit.o) (_Exit)
c:/program files/microchip/xc8/v2.36/avr/bin/../lib/gcc/avr/5.4.0/avr5/memx-const\libgcc.a(_exit.o)
                              c:/program files/microchip/xc8/v2.36/avr/bin/../lib/gcc/avr/5.4.0/../../../../avr/lib/avr5/memx-const\libc.a(_Exit.o) (_exit)

Allocating common symbols
Common symbol       size              file

rtc_hour            0x1               HAL/RTC/RTC_prog.o
rtc_sec             0x1               HAL/RTC/RTC_prog.o
temp                0x1               APP/main.o
rtc_month           0x1               HAL/RTC/RTC_prog.o
rtc_year            0x1               HAL/RTC/RTC_prog.o
data                0x1               APP/main.o
rtc_day             0x1               HAL/RTC/RTC_prog.o
rtc_min             0x1               HAL/RTC/RTC_prog.o
places              0x8               APP/main.o
u8ResultLocal       0x1               MCAL/DIO/DIO_prg.o

Discarded input sections

 .data          0x0000000000000000        0x0 C:/Program Files (x86)/Atmel/Studio/7.0/Packs/atmel/ATmega_DFP/1.7.374/xc8/avr/lib/avr5/memx-const/crtatmega32.o
 .bss           0x0000000000000000        0x0 C:/Program Files (x86)/Atmel/Studio/7.0/Packs/atmel/ATmega_DFP/1.7.374/xc8/avr/lib/avr5/memx-const/crtatmega32.o
 .text          0x0000000000000000        0x0 APP/main.o
 .data          0x0000000000000000        0x0 APP/main.o
 .bss           0x0000000000000000        0x0 APP/main.o
 .text.ctoi     0x0000000000000000        0xc APP/main.o
 .bss.garbage   0x0000000000000000        0x1 APP/main.o
 .text          0x0000000000000000        0x0 HAL/LCD/lcd_prg.o
 .data          0x0000000000000000        0x0 HAL/LCD/lcd_prg.o
 .bss           0x0000000000000000        0x0 HAL/LCD/lcd_prg.o
 .text.LCD_IntegerToString
                0x0000000000000000      0x12a HAL/LCD/lcd_prg.o
 .text          0x0000000000000000        0x0 HAL/RTC/RTC_prog.o
 .data          0x0000000000000000        0x0 HAL/RTC/RTC_prog.o
 .bss           0x0000000000000000        0x0 HAL/RTC/RTC_prog.o
 .text.SET_TIME
                0x0000000000000000       0x6a HAL/RTC/RTC_prog.o
 .text.SET_DATE
                0x0000000000000000       0x6a HAL/RTC/RTC_prog.o
 .text.decimal_to_hexa
                0x0000000000000000       0xec HAL/RTC/RTC_prog.o
 .text.GET_TIME
                0x0000000000000000       0x56 HAL/RTC/RTC_prog.o
 .text.GET_DATE
                0x0000000000000000       0x56 HAL/RTC/RTC_prog.o
 .debug_info    0x0000000000000000      0x9d2 HAL/RTC/RTC_prog.o
 .debug_abbrev  0x0000000000000000      0x175 HAL/RTC/RTC_prog.o
 .debug_loc     0x0000000000000000      0x4f6 HAL/RTC/RTC_prog.o
 .debug_aranges
                0x0000000000000000       0x40 HAL/RTC/RTC_prog.o
 .debug_ranges  0x0000000000000000       0x30 HAL/RTC/RTC_prog.o
 .debug_line    0x0000000000000000      0x334 HAL/RTC/RTC_prog.o
 .debug_str     0x0000000000000000       0x26 HAL/RTC/RTC_prog.o
 .comment       0x0000000000000000       0x30 HAL/RTC/RTC_prog.o
 .debug_frame   0x0000000000000000       0x9c HAL/RTC/RTC_prog.o
 COMMON         0x0000000000000000        0x6 HAL/RTC/RTC_prog.o
 .text          0x0000000000000000        0x0 MCAL/DIO/DIO_prg.o
 .data          0x0000000000000000        0x0 MCAL/DIO/DIO_prg.o
 .bss           0x0000000000000000        0x0 MCAL/DIO/DIO_prg.o
 .text.DIO_VidSetPortDirection
                0x0000000000000000       0x20 MCAL/DIO/DIO_prg.o
 .text.DIO_VidSetPortValue
                0x0000000000000000       0x20 MCAL/DIO/DIO_prg.o
 .text.DIO_VoidTogglepin
                0x0000000000000000       0x68 MCAL/DIO/DIO_prg.o
 .text          0x0000000000000000        0x0 MCAL/I2C/I2C_prog.o
 .data          0x0000000000000000        0x0 MCAL/I2C/I2C_prog.o
 .bss           0x0000000000000000        0x0 MCAL/I2C/I2C_prog.o
 .text.I2C_mater_Iint
                0x0000000000000000       0x1e MCAL/I2C/I2C_prog.o
 .text.I2C_start
                0x0000000000000000        0xc MCAL/I2C/I2C_prog.o
 .text.I2C_stop
                0x0000000000000000        0x6 MCAL/I2C/I2C_prog.o
 .text.I2C_write
                0x0000000000000000        0xe MCAL/I2C/I2C_prog.o
 .text.I2C_read
                0x0000000000000000       0x16 MCAL/I2C/I2C_prog.o
 .text.I2C_GETSTATUS
                0x0000000000000000        0x6 MCAL/I2C/I2C_prog.o
 .debug_info    0x0000000000000000      0x337 MCAL/I2C/I2C_prog.o
 .debug_abbrev  0x0000000000000000       0xb4 MCAL/I2C/I2C_prog.o
 .debug_loc     0x0000000000000000       0x71 MCAL/I2C/I2C_prog.o
 .debug_aranges
                0x0000000000000000       0x48 MCAL/I2C/I2C_prog.o
 .debug_ranges  0x0000000000000000       0x38 MCAL/I2C/I2C_prog.o
 .debug_line    0x0000000000000000      0x137 MCAL/I2C/I2C_prog.o
 .debug_str     0x0000000000000000        0x0 MCAL/I2C/I2C_prog.o
 .comment       0x0000000000000000       0x30 MCAL/I2C/I2C_prog.o
 .debug_frame   0x0000000000000000       0x74 MCAL/I2C/I2C_prog.o
 .text          0x0000000000000000        0x0 MCAL/USART/USART_program.o
 .data          0x0000000000000000        0x0 MCAL/USART/USART_program.o
 .bss           0x0000000000000000        0x0 MCAL/USART/USART_program.o
 .text          0x0000000000000000        0x0 c:/program files/microchip/xc8/v2.36/avr/bin/../lib/gcc/avr/5.4.0/avr5/memx-const\libgcc.a(_udivmodsi4.o)
 .data          0x0000000000000000        0x0 c:/program files/microchip/xc8/v2.36/avr/bin/../lib/gcc/avr/5.4.0/avr5/memx-const\libgcc.a(_udivmodsi4.o)
 .bss           0x0000000000000000        0x0 c:/program files/microchip/xc8/v2.36/avr/bin/../lib/gcc/avr/5.4.0/avr5/memx-const\libgcc.a(_udivmodsi4.o)
 .text.libgcc.mul
                0x0000000000000000        0x0 c:/program files/microchip/xc8/v2.36/avr/bin/../lib/gcc/avr/5.4.0/avr5/memx-const\libgcc.a(_udivmodsi4.o)
 .text.libgcc.div
                0x0000000000000000       0x44 c:/program files/microchip/xc8/v2.36/avr/bin/../lib/gcc/avr/5.4.0/avr5/memx-const\libgcc.a(_udivmodsi4.o)
 .stack.descriptors.hdr
                0x0000000000000000        0xe c:/program files/microchip/xc8/v2.36/avr/bin/../lib/gcc/avr/5.4.0/avr5/memx-const\libgcc.a(_udivmodsi4.o)
 .stack.descriptors
                0x0000000000000000       0x1a c:/program files/microchip/xc8/v2.36/avr/bin/../lib/gcc/avr/5.4.0/avr5/memx-const\libgcc.a(_udivmodsi4.o)
 .text.libgcc   0x0000000000000000        0x0 c:/program files/microchip/xc8/v2.36/avr/bin/../lib/gcc/avr/5.4.0/avr5/memx-const\libgcc.a(_udivmodsi4.o)
 .text.libgcc.prologue
                0x0000000000000000        0x0 c:/program files/microchip/xc8/v2.36/avr/bin/../lib/gcc/avr/5.4.0/avr5/memx-const\libgcc.a(_udivmodsi4.o)
 .text.libgcc.builtins
                0x0000000000000000        0x0 c:/program files/microchip/xc8/v2.36/avr/bin/../lib/gcc/avr/5.4.0/avr5/memx-const\libgcc.a(_udivmodsi4.o)
 .text.libgcc.fmul
                0x0000000000000000        0x0 c:/program files/microchip/xc8/v2.36/avr/bin/../lib/gcc/avr/5.4.0/avr5/memx-const\libgcc.a(_udivmodsi4.o)
 .text.libgcc.fixed
                0x0000000000000000        0x0 c:/program files/microchip/xc8/v2.36/avr/bin/../lib/gcc/avr/5.4.0/avr5/memx-const\libgcc.a(_udivmodsi4.o)
 .text          0x0000000000000000        0x0 c:/program files/microchip/xc8/v2.36/avr/bin/../lib/gcc/avr/5.4.0/avr5/memx-const\libgcc.a(_tablejump2.o)
 .data          0x0000000000000000        0x0 c:/program files/microchip/xc8/v2.36/avr/bin/../lib/gcc/avr/5.4.0/avr5/memx-const\libgcc.a(_tablejump2.o)
 .bss           0x0000000000000000        0x0 c:/program files/microchip/xc8/v2.36/avr/bin/../lib/gcc/avr/5.4.0/avr5/memx-const\libgcc.a(_tablejump2.o)
 .text.libgcc.mul
                0x0000000000000000        0x0 c:/program files/microchip/xc8/v2.36/avr/bin/../lib/gcc/avr/5.4.0/avr5/memx-const\libgcc.a(_tablejump2.o)
 .text.libgcc.div
                0x0000000000000000        0x0 c:/program files/microchip/xc8/v2.36/avr/bin/../lib/gcc/avr/5.4.0/avr5/memx-const\libgcc.a(_tablejump2.o)
 .text.libgcc.prologue
                0x0000000000000000        0x0 c:/program files/microchip/xc8/v2.36/avr/bin/../lib/gcc/avr/5.4.0/avr5/memx-const\libgcc.a(_tablejump2.o)
 .stack.descriptors
                0x0000000000000000       0x1c c:/program files/microchip/xc8/v2.36/avr/bin/../lib/gcc/avr/5.4.0/avr5/memx-const\libgcc.a(_tablejump2.o)
 .text.libgcc.builtins
                0x0000000000000000        0x0 c:/program files/microchip/xc8/v2.36/avr/bin/../lib/gcc/avr/5.4.0/avr5/memx-const\libgcc.a(_tablejump2.o)
 .text.libgcc.fmul
                0x0000000000000000        0x0 c:/program files/microchip/xc8/v2.36/avr/bin/../lib/gcc/avr/5.4.0/avr5/memx-const\libgcc.a(_tablejump2.o)
 .text.libgcc.fixed
                0x0000000000000000        0x0 c:/program files/microchip/xc8/v2.36/avr/bin/../lib/gcc/avr/5.4.0/avr5/memx-const\libgcc.a(_tablejump2.o)
 .text          0x0000000000000000        0x0 c:/program files/microchip/xc8/v2.36/avr/bin/../lib/gcc/avr/5.4.0/avr5/memx-const\libgcc.a(_copy_data.o)
 .data          0x0000000000000000        0x0 c:/program files/microchip/xc8/v2.36/avr/bin/../lib/gcc/avr/5.4.0/avr5/memx-const\libgcc.a(_copy_data.o)
 .bss           0x0000000000000000        0x0 c:/program files/microchip/xc8/v2.36/avr/bin/../lib/gcc/avr/5.4.0/avr5/memx-const\libgcc.a(_copy_data.o)
 .text.libgcc.mul
                0x0000000000000000        0x0 c:/program files/microchip/xc8/v2.36/avr/bin/../lib/gcc/avr/5.4.0/avr5/memx-const\libgcc.a(_copy_data.o)
 .text.libgcc.div
                0x0000000000000000        0x0 c:/program files/microchip/xc8/v2.36/avr/bin/../lib/gcc/avr/5.4.0/avr5/memx-const\libgcc.a(_copy_data.o)
 .text.libgcc   0x0000000000000000        0x0 c:/program files/microchip/xc8/v2.36/avr/bin/../lib/gcc/avr/5.4.0/avr5/memx-const\libgcc.a(_copy_data.o)
 .text.libgcc.prologue
                0x0000000000000000        0x0 c:/program files/microchip/xc8/v2.36/avr/bin/../lib/gcc/avr/5.4.0/avr5/memx-const\libgcc.a(_copy_data.o)
 .text.libgcc.builtins
                0x0000000000000000        0x0 c:/program files/microchip/xc8/v2.36/avr/bin/../lib/gcc/avr/5.4.0/avr5/memx-const\libgcc.a(_copy_data.o)
 .text.libgcc.fmul
                0x0000000000000000        0x0 c:/program files/microchip/xc8/v2.36/avr/bin/../lib/gcc/avr/5.4.0/avr5/memx-const\libgcc.a(_copy_data.o)
 .text.libgcc.fixed
                0x0000000000000000        0x0 c:/program files/microchip/xc8/v2.36/avr/bin/../lib/gcc/avr/5.4.0/avr5/memx-const\libgcc.a(_copy_data.o)
 .text          0x0000000000000000        0x0 c:/program files/microchip/xc8/v2.36/avr/bin/../lib/gcc/avr/5.4.0/avr5/memx-const\libgcc.a(_umulhisi3.o)
 .data          0x0000000000000000        0x0 c:/program files/microchip/xc8/v2.36/avr/bin/../lib/gcc/avr/5.4.0/avr5/memx-const\libgcc.a(_umulhisi3.o)
 .bss           0x0000000000000000        0x0 c:/program files/microchip/xc8/v2.36/avr/bin/../lib/gcc/avr/5.4.0/avr5/memx-const\libgcc.a(_umulhisi3.o)
 .text.libgcc.mul
                0x0000000000000000       0x1e c:/program files/microchip/xc8/v2.36/avr/bin/../lib/gcc/avr/5.4.0/avr5/memx-const\libgcc.a(_umulhisi3.o)
 .stack.descriptors.hdr
                0x0000000000000000        0xe c:/program files/microchip/xc8/v2.36/avr/bin/../lib/gcc/avr/5.4.0/avr5/memx-const\libgcc.a(_umulhisi3.o)
 .stack.descriptors
                0x0000000000000000       0x19 c:/program files/microchip/xc8/v2.36/avr/bin/../lib/gcc/avr/5.4.0/avr5/memx-const\libgcc.a(_umulhisi3.o)
 .text.libgcc.div
                0x0000000000000000        0x0 c:/program files/microchip/xc8/v2.36/avr/bin/../lib/gcc/avr/5.4.0/avr5/memx-const\libgcc.a(_umulhisi3.o)
 .text.libgcc   0x0000000000000000        0x0 c:/program files/microchip/xc8/v2.36/avr/bin/../lib/gcc/avr/5.4.0/avr5/memx-const\libgcc.a(_umulhisi3.o)
 .text.libgcc.prologue
                0x0000000000000000        0x0 c:/program files/microchip/xc8/v2.36/avr/bin/../lib/gcc/avr/5.4.0/avr5/memx-const\libgcc.a(_umulhisi3.o)
 .text.libgcc.builtins
                0x0000000000000000        0x0 c:/program files/microchip/xc8/v2.36/avr/bin/../lib/gcc/avr/5.4.0/avr5/memx-const\libgcc.a(_umulhisi3.o)
 .text.libgcc.fmul
                0x0000000000000000        0x0 c:/program files/microchip/xc8/v2.36/avr/bin/../lib/gcc/avr/5.4.0/avr5/memx-const\libgcc.a(_umulhisi3.o)
 .text.libgcc.fixed
                0x0000000000000000        0x0 c:/program files/microchip/xc8/v2.36/avr/bin/../lib/gcc/avr/5.4.0/avr5/memx-const\libgcc.a(_umulhisi3.o)
 .text          0x0000000000000000        0x0 c:/program files/microchip/xc8/v2.36/avr/bin/../lib/gcc/avr/5.4.0/../../../../avr/lib/avr5/memx-const\libc.a(exit.o)
 .data          0x0000000000000000        0x0 c:/program files/microchip/xc8/v2.36/avr/bin/../lib/gcc/avr/5.4.0/../../../../avr/lib/avr5/memx-const\libc.a(exit.o)
 .bss           0x0000000000000000        0x0 c:/program files/microchip/xc8/v2.36/avr/bin/../lib/gcc/avr/5.4.0/../../../../avr/lib/avr5/memx-const\libc.a(exit.o)
 .text          0x0000000000000000        0x0 c:/program files/microchip/xc8/v2.36/avr/bin/../lib/gcc/avr/5.4.0/../../../../avr/lib/avr5/memx-const\libc.a(atoi.o)
 .data          0x0000000000000000        0x0 c:/program files/microchip/xc8/v2.36/avr/bin/../lib/gcc/avr/5.4.0/../../../../avr/lib/avr5/memx-const\libc.a(atoi.o)
 .bss           0x0000000000000000        0x0 c:/program files/microchip/xc8/v2.36/avr/bin/../lib/gcc/avr/5.4.0/../../../../avr/lib/avr5/memx-const\libc.a(atoi.o)
 .text          0x0000000000000000        0x0 c:/program files/microchip/xc8/v2.36/avr/bin/../lib/gcc/avr/5.4.0/../../../../avr/lib/avr5/memx-const\libc.a(_Exit.o)
 .data          0x0000000000000000        0x0 c:/program files/microchip/xc8/v2.36/avr/bin/../lib/gcc/avr/5.4.0/../../../../avr/lib/avr5/memx-const\libc.a(_Exit.o)
 .bss           0x0000000000000000        0x0 c:/program files/microchip/xc8/v2.36/avr/bin/../lib/gcc/avr/5.4.0/../../../../avr/lib/avr5/memx-const\libc.a(_Exit.o)
 .text          0x0000000000000000        0x0 c:/program files/microchip/xc8/v2.36/avr/bin/../lib/gcc/avr/5.4.0/avr5/memx-const\libgcc.a(_exit.o)
 .data          0x0000000000000000        0x0 c:/program files/microchip/xc8/v2.36/avr/bin/../lib/gcc/avr/5.4.0/avr5/memx-const\libgcc.a(_exit.o)
 .bss           0x0000000000000000        0x0 c:/program files/microchip/xc8/v2.36/avr/bin/../lib/gcc/avr/5.4.0/avr5/memx-const\libgcc.a(_exit.o)
 .text.libgcc.mul
                0x0000000000000000        0x0 c:/program files/microchip/xc8/v2.36/avr/bin/../lib/gcc/avr/5.4.0/avr5/memx-const\libgcc.a(_exit.o)
 .text.libgcc.div
                0x0000000000000000        0x0 c:/program files/microchip/xc8/v2.36/avr/bin/../lib/gcc/avr/5.4.0/avr5/memx-const\libgcc.a(_exit.o)
 .text.libgcc   0x0000000000000000        0x0 c:/program files/microchip/xc8/v2.36/avr/bin/../lib/gcc/avr/5.4.0/avr5/memx-const\libgcc.a(_exit.o)
 .text.libgcc.prologue
                0x0000000000000000        0x0 c:/program files/microchip/xc8/v2.36/avr/bin/../lib/gcc/avr/5.4.0/avr5/memx-const\libgcc.a(_exit.o)
 .stack.descriptors
                0x0000000000000000       0x13 c:/program files/microchip/xc8/v2.36/avr/bin/../lib/gcc/avr/5.4.0/avr5/memx-const\libgcc.a(_exit.o)
 .text.libgcc.builtins
                0x0000000000000000        0x0 c:/program files/microchip/xc8/v2.36/avr/bin/../lib/gcc/avr/5.4.0/avr5/memx-const\libgcc.a(_exit.o)
 .text.libgcc.fmul
                0x0000000000000000        0x0 c:/program files/microchip/xc8/v2.36/avr/bin/../lib/gcc/avr/5.4.0/avr5/memx-const\libgcc.a(_exit.o)
 .text.libgcc.fixed
                0x0000000000000000        0x0 c:/program files/microchip/xc8/v2.36/avr/bin/../lib/gcc/avr/5.4.0/avr5/memx-const\libgcc.a(_exit.o)

Memory Configuration

Name             Origin             Length             Attributes
text             0x0000000000000000 0x0000000000008000 xr
data             0x0000000000800060 0x0000000000000800 rw !x
eeprom           0x0000000000810000 0x0000000000000400 rw !x
fuse             0x0000000000820000 0x0000000000000002 rw !x
lock             0x0000000000830000 0x0000000000000400 rw !x
signature        0x0000000000840000 0x0000000000000400 rw !x
user_signatures  0x0000000000850000 0x0000000000000400 rw !x
*default*        0x0000000000000000 0xffffffffffffffff

Linker script and memory map

LOAD C:/Program Files (x86)/Atmel/Studio/7.0/Packs/atmel/ATmega_DFP/1.7.374/xc8/avr/lib/avr5/memx-const/crtatmega32.o
LOAD APP/main.o
LOAD HAL/LCD/lcd_prg.o
LOAD HAL/RTC/RTC_prog.o
LOAD MCAL/DIO/DIO_prg.o
LOAD MCAL/I2C/I2C_prog.o
LOAD MCAL/USART/USART_program.o
START GROUP
LOAD c:/program files/microchip/xc8/v2.36/avr/bin/../lib/gcc/avr/5.4.0/../../../../avr/lib/avr5/memx-const\libm.a
END GROUP
START GROUP
LOAD c:/program files/microchip/xc8/v2.36/avr/bin/../lib/gcc/avr/5.4.0/avr5/memx-const\libgcc.a
LOAD c:/program files/microchip/xc8/v2.36/avr/bin/../lib/gcc/avr/5.4.0/../../../../avr/lib/avr5/memx-const\libm.a
LOAD c:/program files/microchip/xc8/v2.36/avr/bin/../lib/gcc/avr/5.4.0/../../../../avr/lib/avr5/memx-const\libc.a
LOAD C:/Program Files (x86)/Atmel/Studio/7.0/Packs/atmel/ATmega_DFP/1.7.374/xc8/avr/lib/avr5/memx-const\libatmega32.a
END GROUP
                0x0000000000000000                __TEXT_REGION_ORIGIN__ = DEFINED (__TEXT_REGION_ORIGIN__)?__TEXT_REGION_ORIGIN__:0x0
                [0x0000000000800060]                __DATA_REGION_ORIGIN__ = DEFINED (__DATA_REGION_ORIGIN__)?__DATA_REGION_ORIGIN__:0x800060
                [0x0000000000008000]                __TEXT_REGION_LENGTH__ = DEFINED (__TEXT_REGION_LENGTH__)?__TEXT_REGION_LENGTH__:0x20000
                [0x0000000000000800]                __DATA_REGION_LENGTH__ = DEFINED (__DATA_REGION_LENGTH__)?__DATA_REGION_LENGTH__:0xffa0
                [0x0000000000000400]                __EEPROM_REGION_LENGTH__ = DEFINED (__EEPROM_REGION_LENGTH__)?__EEPROM_REGION_LENGTH__:0x10000
                [0x0000000000000002]                __FUSE_REGION_LENGTH__ = DEFINED (__FUSE_REGION_LENGTH__)?__FUSE_REGION_LENGTH__:0x400
                0x0000000000000400                __LOCK_REGION_LENGTH__ = DEFINED (__LOCK_REGION_LENGTH__)?__LOCK_REGION_LENGTH__:0x400
                0x0000000000000400                __SIGNATURE_REGION_LENGTH__ = DEFINED (__SIGNATURE_REGION_LENGTH__)?__SIGNATURE_REGION_LENGTH__:0x400
                0x0000000000000400                __USER_SIGNATURE_REGION_LENGTH__ = DEFINED (__USER_SIGNATURE_REGION_LENGTH__)?__USER_SIGNATURE_REGION_LENGTH__:0x400

.hash
 *(.hash)

.dynsym
 *(.dynsym)

.dynstr
 *(.dynstr)

.gnu.version
 *(.gnu.version)

.gnu.version_d
 *(.gnu.version_d)

.gnu.version_r
 *(.gnu.version_r)

.rel.init
 *(.rel.init)

.rela.init
 *(.rela.init)

.rel.text
 *(.rel.text)
 *(.rel.text.*)
 *(.rel.gnu.linkonce.t*)

.rela.text
 *(.rela.text)
 *(.rela.text.*)
 *(.rela.gnu.linkonce.t*)

.rel.fini
 *(.rel.fini)

.rela.fini
 *(.rela.fini)

.rel.rodata
 *(.rel.rodata)
 *(.rel.rodata.*)
 *(.rel.gnu.linkonce.r*)

.rela.rodata
 *(.rela.rodata)
 *(.rela.rodata.*)
 *(.rela.gnu.linkonce.r*)

.rel.data
 *(.rel.data)
 *(.rel.data.*)
 *(.rel.gnu.linkonce.d*)

.rela.data
 *(.rela.data)
 *(.rela.data.*)
 *(.rela.gnu.linkonce.d*)

.rel.ctors
 *(.rel.ctors)

.rela.ctors
 *(.rela.ctors)

.rel.dtors
 *(.rel.dtors)

.rela.dtors
 *(.rela.dtors)

.rel.got
 *(.rel.got)

.rela.got
 *(.rela.got)

.rel.bss
 *(.rel.bss)

.rela.bss
 *(.rela.bss)

.rel.plt
 *(.rel.plt)

.rela.plt
 *(.rela.plt)

.text           0x0000000000000000       0xf4
 *(.vectors)
 .vectors       0x0000000000000000       0x54 C:/Program Files (x86)/Atmel/Studio/7.0/Packs/atmel/ATmega_DFP/1.7.374/xc8/avr/lib/avr5/memx-const/crtatmega32.o
                0x0000000000000000                __vector_default
                0x0000000000000000                __vectors
 *(.vectors)
 *(.progmem.gcc*)
 .progmem.gcc_sw_table.main
                0x0000000000000054       0x2e APP/main.o
 *(.dinit)
 .dinit         0x0000000000000082       0x1d data_init
                0x00000000000000a0                . = ALIGN (0x2)
 *fill*         0x000000000000009f        0x1 
                0x00000000000000a0                __trampolines_start = .
 *(.trampolines)
 .trampolines   0x00000000000000a0        0x0 linker stubs
 *(.trampolines*)
                0x00000000000000a0                __trampolines_end = .
 *libprintf_flt.a:*(.progmem.data)
 *libc.a:*(.progmem.data)
                0x00000000000000a0                . = ALIGN (0x2)
 *(.jumptables)
 *(.jumptables*)
 *(.lowtext)
 *(.lowtext*)
                0x00000000000000a0                __ctors_start = .
 *(.ctors)
                0x00000000000000a0                __ctors_end = .
                0x00000000000000a0                __dtors_start = .
 *(.dtors)
                0x00000000000000a0                __dtors_end = .
 SORT(*)(.ctors)
 SORT(*)(.dtors)
 *(.init0)
 .init0         0x00000000000000a0        0x0 C:/Program Files (x86)/Atmel/Studio/7.0/Packs/atmel/ATmega_DFP/1.7.374/xc8/avr/lib/avr5/memx-const/crtatmega32.o
                0x00000000000000a0                __init
 *(.init0)
 *(.init1)
 *(.init1)
 *(.init2)
 .init2         0x00000000000000a0        0xc C:/Program Files (x86)/Atmel/Studio/7.0/Packs/atmel/ATmega_DFP/1.7.374/xc8/avr/lib/avr5/memx-const/crtatmega32.o
 *(.init2)
 *(.init3)
 *(.init3)
 *(.init4)
 .init4         0x00000000000000ac       0x3c c:/program files/microchip/xc8/v2.36/avr/bin/../lib/gcc/avr/5.4.0/avr5/memx-const\libgcc.a(_copy_data.o)
                0x00000000000000ac                __do_copy_data
                0x00000000000000da                __do_clear_bss
 *(.init4)
 *(.init5)
 *(.init5)
 *(.init6)
 *(.init6)
 *(.init7)
 *(.init7)
 *(.init8)
 *(.init8)
 *(.init9)
 .init9         0x00000000000000e8        0x8 C:/Program Files (x86)/Atmel/Studio/7.0/Packs/atmel/ATmega_DFP/1.7.374/xc8/avr/lib/avr5/memx-const/crtatmega32.o
 *(.init9)
                0x00000000000000f0                . = ALIGN (0x2)
 *(.fini9)
 .fini9         0x00000000000000f0        0x0 c:/program files/microchip/xc8/v2.36/avr/bin/../lib/gcc/avr/5.4.0/avr5/memx-const\libgcc.a(_exit.o)
                0x00000000000000f0                _exit
 *(.fini9)
 *(.fini8)
 *(.fini8)
 *(.fini7)
 *(.fini7)
 *(.fini6)
 *(.fini6)
 *(.fini5)
 *(.fini5)
 *(.fini4)
 *(.fini4)
 *(.fini3)
 *(.fini3)
 *(.fini2)
 *(.fini2)
 *(.fini1)
 *(.fini1)
 *(.fini0)
 .fini0         0x00000000000000f0        0x4 c:/program files/microchip/xc8/v2.36/avr/bin/../lib/gcc/avr/5.4.0/avr5/memx-const\libgcc.a(_exit.o)
 *(.fini0)
                0x00000000000000f4                _etext = .

.data           0x0000000000800060        0x0 load address 0x00000000000000f4
                [!provide]                        PROVIDE (__data_start, .)
 *(.gnu.linkonce.d*)
 *(.gnu.linkonce.r*)
                0x0000000000800060                . = ALIGN (0x2)
 *fill*         0x0000000000800060        0x0 
                0x0000000000800060                _edata = .
                [!provide]                        PROVIDE (__data_end, .)

.bss            0x0000000000800060        0xb
                [!provide]                        PROVIDE (__bss_start, .)
 *(COMMON)
 COMMON         0x0000000000800060        0xa APP/main.o
                0x0000000000800060                temp
                0x0000000000800061                data
                0x0000000000800062                places
 COMMON         0x000000000080006a        0x1 MCAL/DIO/DIO_prg.o
                0x000000000080006a                u8ResultLocal
                [!provide]                        PROVIDE (__bss_end, .)
                0x00000000000000f4                __data_load_start = LOADADDR (.data)
                0x00000000000000f4                __data_load_end = (__data_load_start + SIZEOF (.data))

.noinit         0x000000000080006b        0x0
                [!provide]                        PROVIDE (__noinit_start, .)
 *(.noinit*)
                [!provide]                        PROVIDE (__noinit_end, .)
                0x000000000080006b                _end = .

.eeprom         0x0000000000810000        0x0
 *(.eeprom*)
                0x0000000000810000                __eeprom_end = .

.fuse
 *(.fuse)
 *(.lfuse)
 *(.hfuse)
 *(.efuse)

.lock
 *(.lock*)

.signature
 *(.signature*)

.user_signatures
 *(.user_signatures*)

.stab
 *(.stab)

.stabstr
 *(.stabstr)

.stab.excl
 *(.stab.excl)

.stab.exclstr
 *(.stab.exclstr)

.stab.index
 *(.stab.index)

.stab.indexstr
 *(.stab.indexstr)

.comment        0x0000000000000000       0x2f
 *(.comment)
 .comment       0x0000000000000000       0x2f APP/main.o
                                         0x30 (size before relaxing)
 .comment       0x000000000000002f       0x30 HAL/LCD/lcd_prg.o
 .comment       0x000000000000002f       0x30 MCAL/DIO/DIO_prg.o
 .comment       0x000000000000002f       0x30 MCAL/USART/USART_program.o
 .comment       0x000000000000002f       0x30 c:/program files/microchip/xc8/v2.36/avr/bin/../lib/gcc/avr/5.4.0/../../../../avr/lib/avr5/memx-const\libc.a(exit.o)
 .comment       0x000000000000002f       0x30 c:/program files/microchip/xc8/v2.36/avr/bin/../lib/gcc/avr/5.4.0/../../../../avr/lib/avr5/memx-const\libc.a(atoi.o)
 .comment       0x000000000000002f       0x30 c:/program files/microchip/xc8/v2.36/avr/bin/../lib/gcc/avr/5.4.0/../../../../avr/lib/avr5/memx-const\libc.a(_Exit.o)

.stack.descriptors.hdr
                0x0000000000000000       0x1c
 .stack.descriptors.hdr
                0x0000000000000000        0xe c:/program files/microchip/xc8/v2.36/avr/bin/../lib/gcc/avr/5.4.0/avr5/memx-const\libgcc.a(_tablejump2.o)
 .stack.descriptors.hdr
                0x000000000000000e        0xe c:/program files/microchip/xc8/v2.36/avr/bin/../lib/gcc/avr/5.4.0/avr5/memx-const\libgcc.a(_exit.o)

.note.GNU-stack
                0x0000000000000000        0x0
 .note.GNU-stack
                0x0000000000000000        0x0 c:/program files/microchip/xc8/v2.36/avr/bin/../lib/gcc/avr/5.4.0/../../../../avr/lib/avr5/memx-const\libc.a(exit.o)
 .note.GNU-stack
                0x0000000000000000        0x0 c:/program files/microchip/xc8/v2.36/avr/bin/../lib/gcc/avr/5.4.0/../../../../avr/lib/avr5/memx-const\libc.a(atoi.o)
 .note.GNU-stack
                0x0000000000000000        0x0 c:/program files/microchip/xc8/v2.36/avr/bin/../lib/gcc/avr/5.4.0/../../../../avr/lib/avr5/memx-const\libc.a(_Exit.o)

.note.gnu.build-id
 *(.note.gnu.build-id)

.debug
 *(.debug)

.line
 *(.line)

.debug_srcinfo
 *(.debug_srcinfo)

.debug_sfnames
 *(.debug_sfnames)

.debug_aranges  0x0000000000000000      0x158
 *(.debug_aranges)
 .debug_aranges
                0x0000000000000000       0x88 APP/main.o
 .debug_aranges
                0x0000000000000088       0x48 HAL/LCD/lcd_prg.o
 .debug_aranges
                0x00000000000000d0       0x48 MCAL/DIO/DIO_prg.o
 .debug_aranges
                0x0000000000000118       0x40 MCAL/USART/USART_program.o

.debug_pubnames
 *(.debug_pubnames)

.debug_info     0x0000000000000000     0x4cba
 *(.debug_info .gnu.linkonce.wi.*)
 .debug_info    0x0000000000000000      0x4e6 C:/Program Files (x86)/Atmel/Studio/7.0/Packs/atmel/ATmega_DFP/1.7.374/xc8/avr/lib/avr5/memx-const/crtatmega32.o
 .debug_info    0x00000000000004e6     0x31a8 APP/main.o
 .debug_info    0x000000000000368e      0xd91 HAL/LCD/lcd_prg.o
 .debug_info    0x000000000000441f      0x450 MCAL/DIO/DIO_prg.o
 .debug_info    0x000000000000486f      0x44b MCAL/USART/USART_program.o

.debug_abbrev   0x0000000000000000      0xa69
 *(.debug_abbrev)
 .debug_abbrev  0x0000000000000000      0x4a3 C:/Program Files (x86)/Atmel/Studio/7.0/Packs/atmel/ATmega_DFP/1.7.374/xc8/avr/lib/avr5/memx-const/crtatmega32.o
 .debug_abbrev  0x00000000000004a3      0x22b APP/main.o
 .debug_abbrev  0x00000000000006ce      0x1aa HAL/LCD/lcd_prg.o
 .debug_abbrev  0x0000000000000878       0xb1 MCAL/DIO/DIO_prg.o
 .debug_abbrev  0x0000000000000929      0x140 MCAL/USART/USART_program.o

.debug_line     0x0000000000000000     0x1b0a
 *(.debug_line .debug_line.* .debug_line_end)
 .debug_line    0x0000000000000000      0x119 C:/Program Files (x86)/Atmel/Studio/7.0/Packs/atmel/ATmega_DFP/1.7.374/xc8/avr/lib/avr5/memx-const/crtatmega32.o
 .debug_line    0x0000000000000119     0x11a1 APP/main.o
 .debug_line    0x00000000000012ba      0x3f4 HAL/LCD/lcd_prg.o
 .debug_line    0x00000000000016ae      0x2a9 MCAL/DIO/DIO_prg.o
 .debug_line    0x0000000000001957      0x1b3 MCAL/USART/USART_program.o

.debug_frame    0x0000000000000000      0x390
 *(.debug_frame)
 .debug_frame   0x0000000000000000      0x1bc APP/main.o
 .debug_frame   0x00000000000001bc       0xdc HAL/LCD/lcd_prg.o
 .debug_frame   0x0000000000000298       0x74 MCAL/DIO/DIO_prg.o
 .debug_frame   0x000000000000030c       0x84 MCAL/USART/USART_program.o

.debug_str      0x0000000000000000      0x2f4
 *(.debug_str)
 .debug_str     0x0000000000000000      0x196 C:/Program Files (x86)/Atmel/Studio/7.0/Packs/atmel/ATmega_DFP/1.7.374/xc8/avr/lib/avr5/memx-const/crtatmega32.o
 .debug_str     0x0000000000000196       0xec APP/main.o
 .debug_str     0x0000000000000282       0x50 HAL/LCD/lcd_prg.o
 .debug_str     0x00000000000002d2       0x22 MCAL/DIO/DIO_prg.o
 .debug_str     0x00000000000002f4        0x0 MCAL/USART/USART_program.o

.debug_loc      0x0000000000000000     0x1d78
 *(.debug_loc)
 .debug_loc     0x0000000000000000     0x12a7 APP/main.o
 .debug_loc     0x00000000000012a7      0x738 HAL/LCD/lcd_prg.o
 .debug_loc     0x00000000000019df      0x291 MCAL/DIO/DIO_prg.o
 .debug_loc     0x0000000000001c70      0x108 MCAL/USART/USART_program.o

.debug_macinfo
 *(.debug_macinfo)

.debug_weaknames
 *(.debug_weaknames)

.debug_funcnames
 *(.debug_funcnames)

.debug_typenames
 *(.debug_typenames)

.debug_varnames
 *(.debug_varnames)

.debug_pubtypes
 *(.debug_pubtypes)

.debug_ranges   0x0000000000000000      0x118
 *(.debug_ranges)
 .debug_ranges  0x0000000000000000       0x78 APP/main.o
 .debug_ranges  0x0000000000000078       0x38 HAL/LCD/lcd_prg.o
 .debug_ranges  0x00000000000000b0       0x38 MCAL/DIO/DIO_prg.o
 .debug_ranges  0x00000000000000e8       0x30 MCAL/USART/USART_program.o

.debug_macro
 *(.debug_macro)
OUTPUT(final_graduation_project.elf elf32-avr)
LOAD linker stubs
LOAD data_init

.note.gnu.avr.deviceinfo
                0x0000000000000000       0x3c
 .note.gnu.avr.deviceinfo
                0x0000000000000000       0x3c C:/Program Files (x86)/Atmel/Studio/7.0/Packs/atmel/ATmega_DFP/1.7.374/xc8/avr/lib/avr5/memx-const/crtatmega32.o

.bss.index      0x0000000000800089        0x1
 .bss.index     0x0000000000800089        0x1 APP/main.o
                0x0000000000800089                index

.bss.read_ok    0x000000000080008a        0x1
 .bss.read_ok   0x000000000080008a        0x1 APP/main.o
                0x000000000080008a                read_ok

.bss.read_down  0x000000000080008b        0x1
 .bss.read_down
                0x000000000080008b        0x1 APP/main.o
                0x000000000080008b                read_down

.bss.read_up    0x000000000080008c        0x1
 .bss.read_up   0x000000000080008c        0x1 APP/main.o
                0x000000000080008c                read_up

.bss.flag_clear
                0x000000000080008d        0x1
 .bss.flag_clear
                0x000000000080008d        0x1 APP/main.o
                0x000000000080008d                flag_clear

.bss.counter1   0x000000000080008f        0x1
 .bss.counter1  0x000000000080008f        0x1 APP/main.o
                0x000000000080008f                counter1

.bss.counter2   0x0000000000800090        0x1
 .bss.counter2  0x0000000000800090        0x1 APP/main.o
                0x0000000000800090                counter2

.bss.counter    0x0000000000800091        0x1
 .bss.counter   0x0000000000800091        0x1 APP/main.o
                0x0000000000800091                counter

.bss.extension  0x0000000000800083        0x2
 .bss.extension
                0x0000000000800083        0x2 APP/main.o
                0x0000000000800083                extension

.bss.angle      0x0000000000800085        0x2
 .bss.angle     0x0000000000800085        0x2 APP/main.o
                0x0000000000800085                angle

.bss.high       0x0000000000800087        0x2
 .bss.high      0x0000000000800087        0x2 APP/main.o
                0x0000000000800087                high

.bss.GateSensorsBuffer
                0x0000000000800092        0x1
 .bss.GateSensorsBuffer
                0x0000000000800092        0x1 APP/main.o
                0x0000000000800092                GateSensorsBuffer

.progmemx.data  0x00000000000000f4      0x1b7
 .progmemx.data
                0x00000000000000f4      0x1b7 APP/main.o

.data.flag      0x000000000080008e        0x1 load address 0x00000000000002ab
 .data.flag     0x000000000080008e        0x1 APP/main.o
                0x000000000080008e                flag

.text.main      0x00000000000002ac      0xa72
 .text.main     0x00000000000002ac      0xa72 APP/main.o
                0x00000000000002ac                main

.text.DIO_VidSetPinDirection
                0x0000000000000d1e       0xec
 .text.DIO_VidSetPinDirection
                0x0000000000000d1e       0xec MCAL/DIO/DIO_prg.o
                0x0000000000000d1e                DIO_VidSetPinDirection

.text.DIO_VidSetPinValue
                0x0000000000000e0a       0xec
 .text.DIO_VidSetPinValue
                0x0000000000000e0a       0xec MCAL/DIO/DIO_prg.o
                0x0000000000000e0a                DIO_VidSetPinValue

.text.retrieving
                0x0000000000000ef6       0xe4
 .text.retrieving
                0x0000000000000ef6       0xe4 APP/main.o
                0x0000000000000ef6                retrieving

.text.LCD_vidInit
                0x0000000000000fda       0xda
 .text.LCD_vidInit
                0x0000000000000fda       0xda HAL/LCD/lcd_prg.o
                0x0000000000000fda                LCD_vidInit

.text.LCD_vidSendCommand
                0x00000000000010b4       0xc6
 .text.LCD_vidSendCommand
                0x00000000000010b4       0xc6 HAL/LCD/lcd_prg.o
                0x00000000000010b4                LCD_vidSendCommand

.text.LCD_vidWriteChar
                0x000000000000117a       0xc6
 .text.LCD_vidWriteChar
                0x000000000000117a       0xc6 HAL/LCD/lcd_prg.o
                0x000000000000117a                LCD_vidWriteChar

.text.up        0x0000000000001240       0xc0
 .text.up       0x0000000000001240       0xc0 APP/main.o
                0x0000000000001240                up

.text.down      0x0000000000001300       0xc0
 .text.down     0x0000000000001300       0xc0 APP/main.o
                0x0000000000001300                down

.text.rotate_forward
                0x00000000000013c0       0xc0
 .text.rotate_forward
                0x00000000000013c0       0xc0 APP/main.o
                0x00000000000013c0                rotate_forward

.text.rotate_reverse
                0x0000000000001480       0xc0
 .text.rotate_reverse
                0x0000000000001480       0xc0 APP/main.o
                0x0000000000001480                rotate_reverse

.text.bring     0x0000000000001540       0xc0
 .text.bring    0x0000000000001540       0xc0 APP/main.o
                0x0000000000001540                bring

.text.put       0x0000000000001600       0xc0
 .text.put      0x0000000000001600       0xc0 APP/main.o
                0x0000000000001600                put

.text.close_gate
                0x00000000000016c0       0xb2
 .text.close_gate
                0x00000000000016c0       0xb2 APP/main.o
                0x00000000000016c0                close_gate

.text.open_gate
                0x0000000000001772       0xb2
 .text.open_gate
                0x0000000000001772       0xb2 APP/main.o
                0x0000000000001772                open_gate

.text.stop      0x0000000000001824       0xa2
 .text.stop     0x0000000000001824       0xa2 APP/main.o
                0x0000000000001824                stop

.text.parking   0x00000000000018c6       0xa0
 .text.parking  0x00000000000018c6       0xa0 APP/main.o
                0x00000000000018c6                parking

.text.atoi      0x0000000000001966       0x90
 .text.atoi     0x0000000000001966       0x90 c:/program files/microchip/xc8/v2.36/avr/bin/../lib/gcc/avr/5.4.0/../../../../avr/lib/avr5/memx-const\libc.a(atoi.o)
                0x0000000000001966                atoi

.text.DIO_u8GetPinValue
                0x00000000000019f6       0x7c
 .text.DIO_u8GetPinValue
                0x00000000000019f6       0x7c MCAL/DIO/DIO_prg.o
                0x00000000000019f6                DIO_u8GetPinValue

.text.serialParseInt
                0x0000000000001a72       0x70
 .text.serialParseInt
                0x0000000000001a72       0x70 MCAL/USART/USART_program.o
                0x0000000000001a72                serialParseInt

.text.LCD_vidWriteString
                0x0000000000001ae2       0x42
 .text.LCD_vidWriteString
                0x0000000000001ae2       0x42 HAL/LCD/lcd_prg.o
                0x0000000000001ae2                LCD_vidWriteString

.text.LCD_VidGotoRawCol
                0x0000000000001b24       0x2e
 .text.LCD_VidGotoRawCol
                0x0000000000001b24       0x2e HAL/LCD/lcd_prg.o
                0x0000000000001b24                LCD_VidGotoRawCol

.text.to_origin
                0x0000000000001b52       0x26
 .text.to_origin
                0x0000000000001b52       0x26 APP/main.o
                0x0000000000001b52                to_origin

.text.UART_FLUSH
                0x0000000000001b78       0x1c
 .text.UART_FLUSH
                0x0000000000001b78       0x1c MCAL/USART/USART_program.o
                0x0000000000001b78                UART_FLUSH

.text.exit      0x0000000000001b94       0x16
 .text.exit     0x0000000000001b94       0x16 c:/program files/microchip/xc8/v2.36/avr/bin/../lib/gcc/avr/5.4.0/../../../../avr/lib/avr5/memx-const\libc.a(exit.o)
                0x0000000000001b94                exit

.text.USART_Init
                0x0000000000001baa        0xe
 .text.USART_Init
                0x0000000000001baa        0xe MCAL/USART/USART_program.o
                0x0000000000001baa                USART_Init

.text.UART_voidRecieveData
                0x0000000000001bb8        0xc
 .text.UART_voidRecieveData
                0x0000000000001bb8        0xc MCAL/USART/USART_program.o
                0x0000000000001bb8                UART_voidRecieveData

.text.libgcc    0x0000000000001bc4        0xc
 .text.libgcc   0x0000000000001bc4        0xc c:/program files/microchip/xc8/v2.36/avr/bin/../lib/gcc/avr/5.4.0/avr5/memx-const\libgcc.a(_tablejump2.o)
                0x0000000000001bc4                __tablejump2__

.text.UART_voidSendData
                0x0000000000001bd0        0x8
 .text.UART_voidSendData
                0x0000000000001bd0        0x8 MCAL/USART/USART_program.o
                0x0000000000001bd0                UART_voidSendData

.text           0x0000000000001bd8        0x4
 .text          0x0000000000001bd8        0x4 C:/Program Files (x86)/Atmel/Studio/7.0/Packs/atmel/ATmega_DFP/1.7.374/xc8/avr/lib/avr5/memx-const/crtatmega32.o
                0x0000000000001bd8                __vector_1
                0x0000000000001bd8                __vector_12
                0x0000000000001bd8                __bad_interrupt
                0x0000000000001bd8                __vector_6
                0x0000000000001bd8                __vector_3
                0x0000000000001bd8                __vector_11
                0x0000000000001bd8                __vector_13
                0x0000000000001bd8                __vector_17
                0x0000000000001bd8                __vector_19
                0x0000000000001bd8                __vector_7
                0x0000000000001bd8                __vector_5
                0x0000000000001bd8                __vector_4
                0x0000000000001bd8                __vector_9
                0x0000000000001bd8                __vector_2
                0x0000000000001bd8                __vector_15
                0x0000000000001bd8                __vector_8
                0x0000000000001bd8                __vector_14
                0x0000000000001bd8                __vector_10
                0x0000000000001bd8                __vector_16
                0x0000000000001bd8                __vector_18
                0x0000000000001bd8                __vector_20

.text._Exit     0x0000000000001bdc        0x4
 .text._Exit    0x0000000000001bdc        0x4 c:/program files/microchip/xc8/v2.36/avr/bin/../lib/gcc/avr/5.4.0/../../../../avr/lib/avr5/memx-const\libc.a(_Exit.o)
                0x0000000000001bdc                _Exit

.text.__dummy_fini
                0x0000000000001be0        0x2
 .text.__dummy_fini
                0x0000000000001be0        0x2 c:/program files/microchip/xc8/v2.36/avr/bin/../lib/gcc/avr/5.4.0/../../../../avr/lib/avr5/memx-const\libc.a(exit.o)
                0x0000000000001be0                _fini

.text.__dummy_funcs_on_exit
                0x0000000000001be2        0x2
 .text.__dummy_funcs_on_exit
                0x0000000000001be2        0x2 c:/program files/microchip/xc8/v2.36/avr/bin/../lib/gcc/avr/5.4.0/../../../../avr/lib/avr5/memx-const\libc.a(exit.o)
                0x0000000000001be2                __funcs_on_exit

.text.__dummy_simulator_exit
                0x0000000000001be4        0x2
 .text.__dummy_simulator_exit
                0x0000000000001be4        0x2 c:/program files/microchip/xc8/v2.36/avr/bin/../lib/gcc/avr/5.4.0/../../../../avr/lib/avr5/memx-const\libc.a(exit.o)
                0x0000000000001be4                __simulator_exit

.data.place_steps
                0x000000000080006b       0x10 load address 0x0000000000001be6
 .data.place_steps
                0x000000000080006b       0x10 APP/main.o
                0x000000000080006b                place_steps

.data.floor_steps
                0x000000000080007b        0x8 load address 0x0000000000001bf6
 .data.floor_steps
                0x000000000080007b        0x8 APP/main.o
                0x000000000080007b                floor_steps
